[10Jul2026 14:51:49.244] [main/INFO] [cpw.mods.modlauncher.Launcher/MODLAUNCHER]: ModLauncher running: args [--launchTarget, forgeclientdev, --version, 21.1.235, --assetIndex, 17, --assetsDir, /home/alexander/.gradle/caches/neoformruntime/assets, --gameDir, ., --fml.fmlVersion, 4.0.42, --fml.mcVersion, 1.21.1, --fml.neoForgeVersion, 21.1.235, --fml.neoFormVersion, 20240808.144430]
[10Jul2026 14:51:49.246] [main/INFO] [cpw.mods.modlauncher.Launcher/MODLAUNCHER]: JVM identified as Ubuntu OpenJDK 64-Bit Server VM 21.0.11+10-1-24.04.2-Ubuntu
[10Jul2026 14:51:49.247] [main/INFO] [cpw.mods.modlauncher.Launcher/MODLAUNCHER]: ModLauncher 11.0.5+main.901c6ea8 starting: java version 21.0.11 by Ubuntu; OS Linux arch amd64 version 6.17.0-35-generic
[10Jul2026 14:51:49.296] [main/WARN] [net.neoforged.fml.loading.FMLConfig/CORE]: Configuration file /home/alexander/Documents/GitHub/OblivionMod/run/config/fml.toml is not correct. Correcting
[10Jul2026 14:51:49.325] [main/INFO] [net.neoforged.fml.loading.ImmediateWindowHandler/]: Loading ImmediateWindowProvider fmlearlywindow
[10Jul2026 14:51:49.412] [main/INFO] [EARLYDISPLAY/]: Trying GL version 4.6
[10Jul2026 14:51:49.453] [main/INFO] [EARLYDISPLAY/]: Requested GL version 4.6 got version 4.6
[10Jul2026 14:51:49.548] [main/INFO] [mixin/]: SpongePowered MIXIN Subsystem Version=0.8.7 Source=union:/home/alexander/.gradle/caches/modules-2/files-2.1/net.fabricmc/sponge-mixin/0.15.2+mixin.0.8.7/2af2f021d8e02a0220dc27a7a72b4666d66d44ca/sponge-mixin-0.15.2+mixin.0.8.7.jar%23126!/ Service=ModLauncher Env=CLIENT
[10Jul2026 14:51:49.559] [main/WARN] [net.neoforged.fml.loading.FMLConfig/CORE]: Configuration file /home/alexander/Documents/GitHub/OblivionMod/run/config/fml.toml is not correct. Correcting
[10Jul2026 14:51:49.601] [pool-2-thread-1/INFO] [EARLYDISPLAY/]: GL info: Mesa Intel(R) Graphics (RPL-U) GL version 4.6 (Core Profile) Mesa 25.2.8-0ubuntu0.24.04.2, Intel
[10Jul2026 14:51:49.837] [main/INFO] [net.neoforged.fml.loading.moddiscovery.locators.JarInJarDependencyLocator/]: Found 2 dependencies adding them to mods collection
[10Jul2026 14:51:49.839] [main/INFO] [net.neoforged.fml.loading.moddiscovery.ModDiscoverer/]: 
     Mod List:
		Name Version (Mod Id)

		Minecraft 1.21.1 (minecraft)
		NeoForge 21.1.235 (neoforge)
		Oblivion 0.0.5 (oblivionmodgxb)
		TerraBlender 4.1.0.8 (terrablender)
[10Jul2026 14:51:50.289] [main/INFO] [mixin/]: Compatibility level set to JAVA_17
[10Jul2026 14:51:50.300] [main/INFO] [cpw.mods.modlauncher.LaunchServiceHandler/MODLAUNCHER]: Launching target 'forgeclientdev' with arguments [--version, 21.1.235, --gameDir, ., --assetsDir, /home/alexander/.gradle/caches/neoformruntime/assets, --assetIndex, 17]
[10Jul2026 14:51:50.331] [main/WARN] [mixin/]: Reference map 'terrablender.refmap.json' for terrablender.mixins.json could not be read. If this is a development environment you can ignore this message
[10Jul2026 14:51:50.332] [main/WARN] [mixin/]: Reference map 'terrablender.refmap.json' for terrablender_neoforge.mixins.json could not be read. If this is a development environment you can ignore this message
[10Jul2026 14:51:51.584] [Datafixer Bootstrap/INFO] [com.mojang.datafixers.DataFixerBuilder/]: 229 Datafixer optimizations took 234 milliseconds
[10Jul2026 14:51:51.809] [pool-8-thread-1/INFO] [MixinExtras|Service/]: Initializing MixinExtras via com.llamalad7.mixinextras.service.MixinExtrasServiceImpl(version=0.5.3).
[10Jul2026 14:51:56.429] [main/WARN] [net.minecraft.commands.Commands/]: Ambiguity between arguments [teleport, location] and [teleport, destination] with inputs: [0.1 -0.5 .9, 0 0 0]
[10Jul2026 14:51:56.430] [main/WARN] [net.minecraft.commands.Commands/]: Ambiguity between arguments [teleport, location] and [teleport, targets] with inputs: [0.1 -0.5 .9, 0 0 0]
[10Jul2026 14:51:56.432] [main/WARN] [net.minecraft.commands.Commands/]: Ambiguity between arguments [teleport, destination] and [teleport, targets] with inputs: [Player, 0123, @e, dd12be42-52a9-4a91-a8a1-11c01849e498]
[10Jul2026 14:51:56.433] [main/WARN] [net.minecraft.commands.Commands/]: Ambiguity between arguments [teleport, targets] and [teleport, destination] with inputs: [Player, 0123, dd12be42-52a9-4a91-a8a1-11c01849e498]
[10Jul2026 14:51:56.434] [main/WARN] [net.minecraft.commands.Commands/]: Ambiguity between arguments [teleport, targets, location] and [teleport, targets, destination] with inputs: [0.1 -0.5 .9, 0 0 0]
[10Jul2026 14:51:56.563] [Render thread/WARN] [net.minecraft.server.packs.VanillaPackResourcesBuilder/]: Assets URL 'union:/home/alexander/Documents/GitHub/OblivionMod/build/moddev/artifacts/neoforge-21.1.235-minecraft.jar%23177!/assets/.mcassetsroot' uses unexpected schema
[10Jul2026 14:51:56.563] [Render thread/WARN] [net.minecraft.server.packs.VanillaPackResourcesBuilder/]: Assets URL 'union:/home/alexander/Documents/GitHub/OblivionMod/build/moddev/artifacts/neoforge-21.1.235-minecraft.jar%23177!/data/.mcassetsroot' uses unexpected schema
[10Jul2026 14:51:56.593] [Render thread/INFO] [com.mojang.authlib.yggdrasil.YggdrasilAuthenticationService/]: Environment: Environment[sessionHost=https://sessionserver.mojang.com, servicesHost=https://api.minecraftservices.com, name=PROD]
[10Jul2026 14:51:56.603] [Render thread/INFO] [net.minecraft.client.Minecraft/]: Setting user: Dev
[10Jul2026 14:51:56.718] [Render thread/INFO] [net.minecraft.client.Minecraft/]: Backend library: LWJGL version 3.3.3+5
[10Jul2026 14:51:57.185] [modloading-worker-0/INFO] [net.neoforged.neoforge.common.NeoForgeMod/NEOFORGE-MOD]: NeoForge mod loading, version 21.1.235, for MC 1.21.1
[10Jul2026 14:51:57.924] [Render thread/INFO] [net.neoforged.neoforge.gametest.GameTestHooks/]: Enabled Gametest Namespaces: [oblivionmodgxb]
[10Jul2026 14:51:58.050] [Render thread/INFO] [net.minecraft.server.packs.resources.ReloadableResourceManager/]: Reloading ResourceManager: vanilla, mod_resources, mod/terrablender, mod/oblivionmodgxb, mod/neoforge
[10Jul2026 14:51:58.122] [Render thread/INFO] [terrablender/]: Registered region minecraft:overworld to index 0 for type OVERWORLD
[10Jul2026 14:51:58.122] [Render thread/INFO] [terrablender/]: Registered region minecraft:nether to index 0 for type NETHER
[10Jul2026 14:51:58.122] [Render thread/INFO] [terrablender/]: Registered region oblivionmodgxb:overworld to index 1 for type OVERWORLD
[10Jul2026 14:51:58.131] [Worker-Main-7/INFO] [net.minecraft.client.gui.font.providers.UnihexProvider/]: Found unifont_all_no_pua-15.1.05.hex, loading
[10Jul2026 14:51:58.281] [Worker-Main-11/INFO] [net.minecraft.client.gui.font.providers.UnihexProvider/]: Found unifont_jp_patch-15.1.05.hex, loading
[10Jul2026 14:51:59.977] [Render thread/WARN] [net.minecraft.client.sounds.SoundEngine/]: Missing sound for event: minecraft:item.goat_horn.play
[10Jul2026 14:51:59.977] [Render thread/WARN] [net.minecraft.client.sounds.SoundEngine/]: Missing sound for event: minecraft:entity.goat.screaming.horn_break
[10Jul2026 14:52:00.102] [Render thread/INFO] [com.mojang.blaze3d.audio.Library/]: OpenAL initialized on device Built-in Audio Analog Stereo
[10Jul2026 14:52:00.103] [Render thread/INFO] [net.minecraft.client.sounds.SoundEngine/SOUNDS]: Sound engine started
[10Jul2026 14:52:00.209] [Render thread/INFO] [net.minecraft.client.renderer.texture.TextureAtlas/]: Created: 1024x512x4 minecraft:textures/atlas/blocks.png-atlas
[10Jul2026 14:52:00.273] [Render thread/INFO] [net.minecraft.client.renderer.texture.TextureAtlas/]: Created: 256x256x4 minecraft:textures/atlas/signs.png-atlas
[10Jul2026 14:52:00.275] [Render thread/INFO] [net.minecraft.client.renderer.texture.TextureAtlas/]: Created: 512x512x4 minecraft:textures/atlas/shield_patterns.png-atlas
[10Jul2026 14:52:00.277] [Render thread/INFO] [net.minecraft.client.renderer.texture.TextureAtlas/]: Created: 512x512x4 minecraft:textures/atlas/banner_patterns.png-atlas
[10Jul2026 14:52:00.280] [Render thread/INFO] [net.minecraft.client.renderer.texture.TextureAtlas/]: Created: 1024x1024x4 minecraft:textures/atlas/armor_trims.png-atlas
[10Jul2026 14:52:00.299] [Render thread/INFO] [net.minecraft.client.renderer.texture.TextureAtlas/]: Created: 256x256x4 minecraft:textures/atlas/chest.png-atlas
[10Jul2026 14:52:00.299] [Render thread/INFO] [net.minecraft.client.renderer.texture.TextureAtlas/]: Created: 128x64x4 minecraft:textures/atlas/decorated_pot.png-atlas
[10Jul2026 14:52:00.300] [Render thread/INFO] [net.minecraft.client.renderer.texture.TextureAtlas/]: Created: 512x256x4 minecraft:textures/atlas/shulker_boxes.png-atlas
[10Jul2026 14:52:00.300] [Render thread/INFO] [net.minecraft.client.renderer.texture.TextureAtlas/]: Created: 512x256x4 minecraft:textures/atlas/beds.png-atlas
[10Jul2026 14:52:00.431] [Render thread/INFO] [net.minecraft.client.renderer.texture.TextureAtlas/]: Created: 512x256x0 minecraft:textures/atlas/particles.png-atlas
[10Jul2026 14:52:00.434] [Render thread/INFO] [net.minecraft.client.renderer.texture.TextureAtlas/]: Created: 512x256x0 minecraft:textures/atlas/paintings.png-atlas
[10Jul2026 14:52:00.435] [Render thread/INFO] [net.minecraft.client.renderer.texture.TextureAtlas/]: Created: 256x128x0 minecraft:textures/atlas/mob_effects.png-atlas
[10Jul2026 14:52:00.435] [Render thread/INFO] [net.minecraft.client.renderer.texture.TextureAtlas/]: Created: 64x64x0 minecraft:textures/atlas/map_decorations.png-atlas
[10Jul2026 14:52:00.435] [Render thread/INFO] [net.minecraft.client.renderer.texture.TextureAtlas/]: Created: 1024x512x0 minecraft:textures/atlas/gui.png-atlas
[10Jul2026 14:52:00.472] [Render thread/WARN] [net.minecraft.client.renderer.ShaderInstance/]: Shader rendertype_entity_translucent_emissive could not find sampler named Sampler2 in the specified shader program.
[10Jul2026 14:52:00.553] [Render thread/INFO] [net.neoforged.neoforge.client.entity.animation.json.AnimationLoader/]: Loaded 0 entity animations
[10Jul2026 14:52:09.535] [Render thread/INFO] [net.minecraft.world.item.crafting.RecipeManager/]: Loaded 1294 recipes
[10Jul2026 14:52:09.712] [Render thread/INFO] [net.minecraft.advancements.AdvancementTree/]: Loaded 1399 advancements
[10Jul2026 14:52:16.087] [Server thread/INFO] [net.minecraft.client.server.IntegratedServer/]: Starting integrated minecraft server version 1.21.1
[10Jul2026 14:52:16.087] [Server thread/INFO] [net.minecraft.server.MinecraftServer/]: Generating keypair
[10Jul2026 14:52:16.224] [Server thread/INFO] [terrablender/]: Initialized TerraBlender biomes for level stem minecraft:the_nether
[10Jul2026 14:52:16.338] [Server thread/INFO] [terrablender/]: Initialized TerraBlender biomes for level stem minecraft:overworld
[10Jul2026 14:52:19.453] [Server thread/INFO] [net.minecraft.server.MinecraftServer/]: Preparing start region for dimension minecraft:overworld
[10Jul2026 14:52:19.497] [progressListener/INFO] [net.minecraft.server.level.progress.LoggerChunkProgressListener/]: Preparing spawn area: 2%
[10Jul2026 14:52:20.002] [progressListener/INFO] [net.minecraft.server.level.progress.LoggerChunkProgressListener/]: Preparing spawn area: 2%
[10Jul2026 14:52:20.480] [progressListener/INFO] [net.minecraft.server.level.progress.LoggerChunkProgressListener/]: Preparing spawn area: 2%
[10Jul2026 14:52:20.974] [progressListener/INFO] [net.minecraft.server.level.progress.LoggerChunkProgressListener/]: Preparing spawn area: 2%
[10Jul2026 14:52:21.471] [progressListener/INFO] [net.minecraft.server.level.progress.LoggerChunkProgressListener/]: Preparing spawn area: 18%
[10Jul2026 14:52:21.972] [progressListener/INFO] [net.minecraft.server.level.progress.LoggerChunkProgressListener/]: Preparing spawn area: 18%
[10Jul2026 14:52:22.472] [progressListener/INFO] [net.minecraft.server.level.progress.LoggerChunkProgressListener/]: Preparing spawn area: 18%
[10Jul2026 14:52:22.997] [progressListener/INFO] [net.minecraft.server.level.progress.LoggerChunkProgressListener/]: Preparing spawn area: 51%
[10Jul2026 14:52:23.473] [progressListener/INFO] [net.minecraft.server.level.progress.LoggerChunkProgressListener/]: Preparing spawn area: 51%
[10Jul2026 14:52:23.974] [progressListener/INFO] [net.minecraft.server.level.progress.LoggerChunkProgressListener/]: Preparing spawn area: 51%
[10Jul2026 14:52:24.155] [Server thread/INFO] [net.neoforged.neoforge.server.permission.PermissionAPI/]: Successfully initialized permission handler neoforge:default_handler
[10Jul2026 14:52:24.159] [progressListener/INFO] [net.minecraft.server.level.progress.LoggerChunkProgressListener/]: Time elapsed: 4697 ms
[10Jul2026 14:52:24.190] [Server thread/INFO] [net.minecraft.client.server.IntegratedServer/]: Changing view distance to 32, from 10
[10Jul2026 14:52:24.190] [Server thread/INFO] [net.minecraft.client.server.IntegratedServer/]: Changing simulation distance to 12, from 0
[10Jul2026 14:52:24.950] [Server thread/INFO] [net.minecraft.server.players.PlayerList/]: Dev[local:E:d4155b7c] logged in with entity id 1 at (-7.5, 93.0, 2.5)
[10Jul2026 14:52:25.036] [Server thread/INFO] [net.minecraft.server.MinecraftServer/]: Dev joined the game
[10Jul2026 14:52:27.151] [Render thread/INFO] [net.minecraft.advancements.AdvancementTree/]: Loaded 2 advancements
[10Jul2026 14:52:57.557] [Server thread/INFO] [net.minecraft.client.server.IntegratedServer/]: Saving and pausing game...
[10Jul2026 14:52:57.581] [Server thread/INFO] [net.minecraft.server.MinecraftServer/]: Saving chunks for level 'ServerLevel[Tree Test 7]'/minecraft:overworld
[10Jul2026 14:52:57.609] [Server thread/INFO] [net.minecraft.server.MinecraftServer/]: Saving chunks for level 'ServerLevel[Tree Test 7]'/minecraft:the_nether
[10Jul2026 14:52:57.609] [Server thread/INFO] [net.minecraft.server.MinecraftServer/]: Saving chunks for level 'ServerLevel[Tree Test 7]'/minecraft:the_end
[10Jul2026 14:53:10.474] [Render thread/INFO] [net.minecraft.client.Minecraft/]: Stopping!
[10Jul2026 14:53:10.615] [Server thread/INFO] [net.minecraft.server.network.ServerGamePacketListenerImpl/]: Dev lost connection: Disconnected
[10Jul2026 14:53:10.616] [Server thread/INFO] [net.minecraft.server.MinecraftServer/]: Dev left the game
[10Jul2026 14:53:10.625] [Server thread/INFO] [net.minecraft.server.network.ServerCommonPacketListenerImpl/]: Stopping singleplayer server as player logged out
[10Jul2026 14:53:10.646] [Server thread/INFO] [net.minecraft.server.MinecraftServer/]: Stopping server
[10Jul2026 14:53:10.647] [Server thread/INFO] [net.minecraft.server.MinecraftServer/]: Saving players
[10Jul2026 14:53:10.647] [Server thread/INFO] [net.minecraft.server.MinecraftServer/]: Saving worlds
[10Jul2026 14:53:12.498] [Server thread/INFO] [net.minecraft.server.MinecraftServer/]: Saving chunks for level 'ServerLevel[Tree Test 7]'/minecraft:overworld
[10Jul2026 14:53:13.078] [Server thread/INFO] [net.minecraft.server.MinecraftServer/]: Saving chunks for level 'ServerLevel[Tree Test 7]'/minecraft:the_nether
[10Jul2026 14:53:13.079] [Server thread/INFO] [net.minecraft.server.MinecraftServer/]: Saving chunks for level 'ServerLevel[Tree Test 7]'/minecraft:the_end
[10Jul2026 14:53:13.083] [Server thread/INFO] [net.minecraft.server.MinecraftServer/]: ThreadedAnvilChunkStorage (Tree Test 7): All chunks are saved
[10Jul2026 14:53:13.083] [Server thread/INFO] [net.minecraft.server.MinecraftServer/]: ThreadedAnvilChunkStorage (DIM-1): All chunks are saved
[10Jul2026 14:53:13.083] [Server thread/INFO] [net.minecraft.server.MinecraftServer/]: ThreadedAnvilChunkStorage (DIM1): All chunks are saved
[10Jul2026 14:53:13.083] [Server thread/INFO] [net.minecraft.server.MinecraftServer/]: ThreadedAnvilChunkStorage: All dimensions are saved
